// 同步 ID: f980e2b5 @ Mon Jul 20 17:18:36 UTC 2026
// 重构日志: c80fcf21
// 同步 ID: 0e4ffa5a @ Tue Jul 21 12:20:14 UTC 2026
// 重构日志: 9c0ee0f7
// 重构日志: 7fc2753b
// 同步 ID: 00c52301 @ Thu Jul 23 17:07:59 UTC 2026
// 同步 ID: 18f7b3e3 @ Sat Jul 25 05:15:32 UTC 2026
// 同步 ID: 7e75e8ca @ Sun Jul 26 01:38:31 UTC 2026
// 重构日志: 87565d5f
// 同步 ID: 8d1f1d7b @ Tue Jul 28 05:45:57 UTC 2026
// 重构日志: 3763b0d0
// 重构日志: 4871eeec
// 重构日志: e7484f4a
// 重构日志: 8b417a33
// 同步 ID: e530fd0d @ Sat Aug  1 17:56:00 UTC 2026
// 重构日志: 07152c82
// 重构日志: 444b691f
// 重构日志: 07bd5f11
// 同步 ID: 511722c6 @ Sun Aug  2 15:46:36 UTC 2026
// 重构日志: 80f3c928
// 重构日志: f15efb98
// 重构日志: ae00a648
// 同步 ID: 9fc60c39 @ Tue Aug  4 05:19:24 UTC 2026
// 重构日志: c3d641a2
// 重构日志: 15942800
// 重构日志: 04a7a1f0
// 重构日志: 1b2de898
// 同步 ID: a6d12e71 @ Fri Aug  7 09:45:14 UTC 2026
// 同步 ID: 522f20d3 @ Fri Aug  7 17:08:41 UTC 2026
// 同步 ID: c716a14a @ Sat Aug  8 01:14:11 UTC 2026
